
> @ipl-auction/shared@1.0.0 test
> node --test "test/*.test.js"

✔ A. nearly empty purse: never bids beyond purse or reserve, never strands the XI (98.4395ms)
✔ A2. purse exactly equal to the completion reserve: a non-requirement player is refused (0.476ms)
✔ B. 23/24/25-player squads: no overflow, correct slot and completion maths (17.7022ms)
✔ C. 6/7/8 overseas: cap respected, contested-slot logic, Indians unaffected (13.6304ms)
✔ D. keeper scarcity: urgency rises as keepers run out; never trapped (7.3654ms)
✔ D2. last squad slot, no keeper in the market at all → XI impossible, bots only improve the partial XI (2.6284ms)
✔ E. bowling scarcity: 0–4 bowling options owned, supply from none to plenty (17.1636ms)
✔ F. requirement becomes critical in the last lots: safe maximum honoured, reaction strong (7.1113ms)
✔ G. stars: Star Chaser is the most aggressive on a big-gain star but never beyond safety; small-gain star stays cheap (10.1202ms)
✔ H. marginal discipline at XI gain ≈ 0 / 0.1 / 0.3 / 0.5 (8.4471ms)
✔ I. re-auction: every category, overseas/Indian, 8 or 0 overseas, nearly full, nearly broke (16.5049ms)
✔ J. rivals broke / enormous / uneven / identical / uneven squads: safe, Opportunist reacts (9.3491ms)
✔ K. several bots want the same player: ladder never lets a bot outbid itself or exceed its cap (1292.4951ms)
✔ L/M. last 1/2/5/10 lots, the main→re-auction transition and termination on real auctions (9191.0609ms)
✔ noise-free decisions are deterministic; same seed → identical auction (10406.4895ms)
✔ non-default rules and team counts: 6 teams, smaller purse, 20-player squads, 6 overseas (4717.4507ms)
✔ the CSV loads all 323 players (1.0299ms)
✔ fair value rises with rating, never drops below base price, favours all-rounders (0.34ms)
✔ the pool auctions every player once, in set order (1.4885ms)
✔ observation has one value per named feature and the mask always allows pass (1.4837ms)
✔ a full squad can only pass (5.0035ms)
✔ caps never exceed the bot spend limit (3.3899ms)
✔ 10 rule bots play a whole auction without breaking any rule (1404.9578ms)
✔ the same seed replays the same auction (7191.7675ms)
✔ MLP forward pass matches a hand calculation and masking is respected (39.008ms)
✔ 1. an overseas DEPTH player is refused while better overseas players still to come outnumber the slots left (11.7913ms)
✔ 2. a MARGINAL overseas upgrade is refused while the slot is contested, and considered once it is not (7.5589ms)
✔ 3. a USEFUL overseas player is still bought even when better overseas players are coming (2.2525ms)
✔ 4. the slot is not contested when few enough better overseas players remain (0.5269ms)
✔ 5. an Indian player is never affected by the overseas rule (0.3005ms)
✔ 6. re-auction: a marginal upgrade of ≈ +0.3 is worth base price to the personalities (9.6694ms)
✔ 7. re-auction: a +0.45 upgrade is bought by every personality at base price (1.6685ms)
✔ 8. re-auction: a +0.09 upgrade is NOT made buyable by every personality (Moneyball walks away) (2.3061ms)
✔ 9. re-auction: the overseas rule does not apply there (the re-auction keeps its own logic) (1.3991ms)
✔ 10. full auctions: overseas slots are kept for better players — the 8th overseas signing comes after half the main round (2747.1355ms)
✔ A. a CRITICAL keeper is valued well above the same keeper when keepers are plentiful — within the safe maximum (43.0385ms)
✔ B. the same player is worth far more as a big XI upgrade than as a marginal one (23.2268ms)
✔ C. a bowling option is worth more when bowling options are scarce than when plentiful (12.1377ms)
✔ D. late, with money idle and few upgrades left, a real upgrade is worth more than early (8.3987ms)
✔ E. a big purse bids at least as much as a small one, and never beyond the safe maximum (8.0939ms)
✔ F. Star Chaser no longer burns its purse in the first quarter — but still spends faster than Moneyball (11.1056ms)
✔ G. Star Chaser always completes a legal XI and never overspends (9.0158ms)
✔ H. Moneyball backs off while comparable players are still to come; Star Chaser does not (1.2625ms)
✔ H2. Moneyball pays relatively more for a big XI gain than for a small one (loves XI gain per rupee) (16.0975ms)
✔ I. Balanced Builder reacts most to a missing role versus a role it already has plenty of (18.6209ms)
✔ J. the Opportunist pounces when rivals cannot afford the player; Moneyball barely reacts (7.1508ms)
✔ K. the four personalities give different caps in most situations (241.4593ms)
✔ K2. full auctions: spending curves and squads differ by personality (16.911ms)
✔ L. every rule-bot team completes a legal XI in full-pool auctions (32.5922ms)
✔ M. caps never exceed the safe maximum or the purse, including critical and final-opportunity paths (966.8606ms)
✔ N. no personality bids for an overseas player with 8 overseas already (3.813ms)
✔ O. no personality bids with a full squad (0.8208ms)
✔ P. re-auction: a final-chance keeper still gets the safe maximum; a useless player still gets nothing (12.5637ms)
✔ marginal discipline: a +0.1 upgrade never earns a big price, even with plenty of money (1.5939ms)
✔ count-based XI size matches selectBestXI on 2000 random real squads (201.9488ms)
✔ minimum completion cost matches brute force over every subset of a small supply (18945.4431ms)
✔ 1. enough money to complete the XI (4.8544ms)
✔ 2. not enough money: completion infeasible, best reachable XI still planned (4.9761ms)
✔ 3. exactly enough money (5.9926ms)
✔ 4. a critical player may consume most of the purse (0.7495ms)
✔ 5. a 25-player squad cannot bid (0.6761ms)
✔ 6. 24 players, no keeper: the last slot is reserved for a keeper (4.0154ms)
✔ 7. 24 players, 4 bowling options: only a bowling option may take the last slot (4.998ms)
✔ 8. two requirements, one slot: legal XI impossible; the plan still prefers filling one (4.8102ms)
✔ 9. many keepers remain → NEED (0.5103ms)
✔ 10. few keepers remain and rivals need them → CRITICAL (0.5005ms)
✔ 11. the last realistic keeper on the block (2.9763ms)
✔ 12. no keeper remaining at all → IMPOSSIBLE (0.4443ms)
✔ 13. enough bowling options (0.3886ms)
✔ 14. only one viable bowling option remains (0.34ms)
✔ 15. no viable bowling option remains (0.3136ms)
✔ 16. enough Indians remain (6.0323ms)
✔ 17. Indian requirement becomes critical (5.3545ms)
✔ 18. Indian requirement becomes impossible (0.3631ms)
✔ 19. one player satisfies several requirements (0.2565ms)
✔ 20. the same player is never counted twice (0.2042ms)
✔ 21. early auction with many alternatives (6.0231ms)
✔ 22. late auction with few alternatives (13.2818ms)
✔ 23. re-auction: plans from the remaining re-auction list only (0.4372ms)
✔ returning (unsold) players count as supply during the main round (0.4547ms)
✔ 24. purchase keeps the XI feasible (0.3732ms)
✔ 25. purchase makes the XI impossible (price too high) (9.8262ms)
✔ 26. purchase fills a critical requirement → budget beyond the discretionary money (0.6326ms)
✔ an unlocking purchase reserves for the rest of the XI it unlocks (0.327ms)
✔ 27. purchase would consume the final useful squad slot (0.491ms)
✔ rule bots never bid above the planning layer's safe maximum (1013.3776ms)
✔ the RL observation ignores the new context fields (2.0505ms)
﹣ exported RL policy matches PyTorch (0.7187ms) # no exported policy yet (run ml/export.py)
✔ property: 4000 random states — every safety invariant for every personality and noise extreme (26208.0628ms)
✔ property: 250 random small markets — planner feasibility equals brute force (never claims an impossible XI possible, or a feasible one impossible) (863.3089ms)
✔ 1. returning keeper, no keeper on the roster → critical, may spend the safe maximum (14.8056ms)
✔ 1b. …with more keepers still to come → critical, but capped at 3× fair value (2.1799ms)
✔ 2. returning bowler when bowling options are short → critical (1.5366ms)
✔ 3. returning Indian when the Indian requirement is critical → critical (1.8389ms)
✔ 4. returning player who significantly improves the XI → useful, normal valuation (1.4554ms)
✔ 5. marginal improvement → price scaled down by the small gain (1.8072ms)
✔ 6. no XI improvement and no useful cover → pass (1.7322ms)
✔ 7. 12-player squad, healthy purse, backup keeper → depth buy (1.3797ms)
✔ 8. 20-player squad, healthy purse, depth player → bought in the re-auction (the old ≥15 cut-off is gone there) (2.733ms)
✔ 9. 24 players, missing keeper, random depth player → refused (1.0558ms)
✔ 10. huge purse does not turn a marginal player into a big spend (1.059ms)
✔ 11. very low purse → cannot bid even on a critical player (1.6882ms)
✔ 12. exact completion budget → bids exactly what keeps the XI completable (1.4667ms)
✔ 13. 8 overseas already → no overseas returning player (0.7347ms)
✔ 14. 7 overseas and a returning overseas player who improves the XI → allowed (2.5004ms)
✔ 15. overseas-heavy squad: the Indian is critical, another overseas player is not (3.966ms)
✔ 16. rejected in the main auction, fills a requirement now → bought (4.6838ms)
✔ 17. rejected in the main auction and still of no value → still passes (4.005ms)
✔ 18. several teams need the returning keeper → it is contested and sells above base (2.2243ms)
✔ 19. only one team needs the returning keeper → it sells at base price (4.9473ms)
✔ I1. info: protocol, obs-v2 / act-v3 names and hashes, γ = 1, λ_rel = 0, splits (341.1442ms)
✔ I2. reset/step over a full episode: shapes, shieldActive, done, episode statistics, reward sum (1638.6326ms)
✔ I3. determinism: two bridge processes given the same requests reply identically (2071.6526ms)
✔ I4. JS/JS parity: the bridge replays exactly what the in-process environment does (8662.2465ms)
✔ I5. errors are replies, not crashes: step before reset, masked / out-of-range action, wrong split, unknown command (242.9152ms)
✔ I6. league: snapshots load through validation; Stage B episodes seat them; bad snapshots are refused (1265.8124ms)
✔ G1. same seed and actions → byte-identical episode transcript (5542.7144ms)
✔ G2. every step: observation (80,), mask of 20 with at least one legal bid; masks respected (0.7607ms)
✔ K4. reward parity: the rewards sum to final XI total / 110 (+ −2 if the XI has an empty slot); γ = 1 (1.2171ms)
✔ G3. one episode = the full auction: every player once in the main round, then the re-auction; terminal state is final (8.338ms)
✔ G4. the environment is exactly AuctionSim + the frozen agents (replayed independently, same random stream) (17129.1474ms)
✔ G5. frozen rule-bot behaviour is byte-identical (fixed fingerprint of a full rule-bot auction) (1318.433ms)
✔ G6. Stage B: frozen random-init snapshot opponents play through the runtime, deterministically (3021.3194ms)
✔ G7. no player bought twice; purse, squad and overseas limits respected for every team (0.9252ms)
✔ evaluator: deterministic, paired by seed, per-stratum summaries, all eight baselines complete (32844.8892ms)
✔ a frozen rule bot in the learner seat plays exactly as the frozen bot (independent replay, same random streams) (3565.444ms)
✔ productFallback plays the learner RL seat’s own fallback persona (3872.6494ms)
✔ actionForTarget: largest legal cap ≤ target; PASS when nothing fits; cheapest bid when shielded (0.3269ms)
✔ a random-init rl-policy-v2 runs as a controller (inference only) (1363.942ms)
✔ Phase 2C: every evaluated episode passes the safety invariants; the auditor catches tampering (1472.4329ms)
✔ Phase 2C: the locked validation baselines still reproduce exactly (sampled seeds, every controller) (26454.4857ms)
✔ act-v3 spec: version, hash from the committed text, parameters match the implementation (3.5488ms)
✔ 1. final keeper at ₹20L: forced but the tie is unwinnable — and v2 prevents reaching it (8.3947ms)
✔ 2. final keeper tie with ₹40L: forced at the highest safe bid (₹40L), beats a base-price rival whoever leads first (2.2505ms)
✔ 3. final keeper tie with ₹60L: forced at ₹60L, beats a rival capped at ₹50L (1.1469ms)
✔ 4. two keeper candidates left (this + one): CRITICAL and forced (not final: floor one increment over base); the frozen shield still allows PASS (12.0759ms)
✔ 5. three keeper candidates left: WARNING — not forced (1.9551ms)
✔ 6. several cheap keepers left: SAFE — no forced purchase (0.7149ms)
✔ 7. expensive keeper (base ₹200L): not final → floor ₹220L; final → the highest safe bid (1.2167ms)
✔ 8. final Indian: overseas XI places full, last Indian candidate is forced (0.76ms)
✔ 9. final bowling option: forced (0.8452ms)
✔ 10. final batting / XI place (the "players" requirement — the XI has no separate batting rule): forced (0.6563ms)
✔ 11. two simultaneous critical requirements (keeper + bowling): forced; the other need keeps its margin unless this is the final path (1.8933ms)
✔ 12. three simultaneous critical requirements (keeper, bowling, Indians): forced, sound (0.6367ms)
✔ 13–15. main round, re-auction and the main → re-auction transition (returning players count as supply) (1.5299ms)
✔ 16. rivals who also need a keeper make the boundary earlier (0.9273ms)
✔ 17 & 19. rivals able to contest (high purse): floor above base on a forced lot (0.6107ms)
✔ 18. rivals too poor to contest: no floor, no margin, only the true final opportunity is forced (0.8422ms)
✔ 20–24. purse ₹20L / ₹40L / ₹100L / ₹200L / comfortable: the margin never lets spending reach the base-price floor (4.7982ms)
✔ purse fragility: plenty of keepers left but no slack above the reserve beyond the contest margin → forced (0.9459ms)
✔ joint completion class: plenty of bowlers and plenty of Indians, but the XI needs an INDIAN bowler and few are left → forced (0.8716ms)
✔ IMPOSSIBLE is recorded as already infeasible — the shield does not pretend to repair it (0.4279ms)
✔ properties on real auction states: v2 ⊆ v1, always a legal action, forced ⇒ allowed, caps ≤ maxSafeBid, no dependence on lot ORDER (23940.0197ms)
✔ properties on 1,500 random states (random squads, purses, supplies, rivals, phases) (801.0277ms)
✔ completionGuard (production, opt-in): raises the cap on a completion boundary, never above maxSafeBid; off = unchanged (38.2204ms)
✔ E1. ordinary lot: PASS, BASE and increasing fair-value levels are legal; caps follow the spec (9.5237ms)
✔ E2. below-base levels are masked (fair value close to base at a small purse) (2.04ms)
✔ E3. duplicate ladder prices are masked (two caps that can only win at the same bid) (1.1894ms)
✔ E4. maxSafeBid clamps every level; only the first action reaching it stays legal (1.2382ms)
✔ E5. rules and planner block → PASS only: full squad, overseas limit, purse exhaustion, reserve (53.4818ms)
✔ F1. final opportunity (last keeper) → PASS masked; BASE still legal; unlock also flagged (0.9153ms)
✔ F2. plenty of keepers left → no shield (0.4803ms)
✔ F3. shield rule on synthetic plans: unlock, final opportunity needs XI gain > 0.05, never when disallowed (0.2177ms)
✔ F4. re-auction: the last returning keeper is shielded (0.9411ms)
✔ F5. shield never overrides legality: last keeper but squad full / broke / keeper is overseas at the cap (1.3291ms)
✔ E6. mask invariants on 400+ real auction states and 1,500 random states (11602.6663ms)
✔ L1. a random-init policy of each of the five algorithms validates and runs (157.0695ms)
✔ L2. validation rejects spec/hash/shape/value mismatches (719.3673ms)
✔ L3. heads: quantile head scores = mean over 32 quantiles; forward matches a hand computation (59.4983ms)
✔ L4. selection: argmax for DQN/QR-DQN/ES, temperature-0.3 sampling for PPO/A2C — always a legal action (158.9987ms)
✔ O1. no model / invalid / mismatched model → the frozen rule persona decides, for the whole room (74.2914ms)
✔ O2. a healthy policy decides; its cap is always the masked, clamped act-v3 cap (≤ maxSafeBid) (652.9293ms)
✔ O3. NaN/Infinity output → fallback for that lot; after 3 failures, fallback for the rest of the room (51.1942ms)
✔ O4. masked or invalid action from the model → fallback for the lot (18.9013ms)
✔ O5. an inference slower than 20 ms → fallback for the rest of the room (24.4967ms)
✔ O6. real inference latency is far inside the 20 ms budget (observation + forward + mask) (137.217ms)
✔ H1. same seed → identical episode; different seeds vary (2.6274ms)
✔ H2. episode composition: 10 seats = 1 human proxy + 4 frozen rule bots + 5 RL seats, learner in one RL seat (21.232ms)
✔ H3. purse strata ≈ ⅓ low / ⅓ normal / ⅓ high; ₹12,500L ≈ ⅙; bounds and ₹100L rounding respected (36.9641ms)
✔ H4. learner seat is balanced over the 10 positions and the 5 RL seats (3.5759ms)
✔ H5. human proxy: passive 40% / noisy 40% / star-chasing 20%, noise in [0.1, 0.5] (12.0373ms)
✔ H6. league (Stage B): snapshots only replace RL-fallback seats; frozen rule bots stay ≥ 40% of opponents (24.6384ms)
✔ H7. split ranges: validation 100,000–100,499, test 200,000–200,999, train ≥ 1,000,000, < 100,000 reserved (0.2648ms)
✔ H8. committed manifests equal the sampler exactly (no drift) and cover their full splits (176.0448ms)
✔ A1. obs-v2: version, 80 features, block sizes 6/9/35/16/14 in order, unique names (4.2356ms)
✔ A2. spec hashes are deterministic and change when the spec changes (11.647ms)
✔ B1. every real observation has exactly 80 finite values in [-1, 5] (20.6917ms)
✔ B2. observation is a pure function of (ctx, extras): recomputing gives identical values (81.2773ms)
✔ B3. no future-order leakage: permuting the remaining players within each set, and the unsold list, changes nothing (1469.2134ms)
✔ C1. hand-checked features on a crafted state (13.5619ms)
✔ C2. purse invariance: money features are ratios — doubling purse and prices-in-purse leaves ratio features intact (113.4247ms)
✔ D1. act-v3: the same 20 actions in the frozen order (3.6851ms)
✔ D2. effective cap = floor(min(level, maxSafeBid)); PASS = 0 (2.9757ms)
✔ D3. ladderFloor matches walking the real increment ladder (nextBidAmount) (217.9745ms)
✔ K1. reward constants: γ = 1, λ_rel = 0, scale 110, empty-slot penalty −2 (1.695ms)
✔ K2. step reward = Δ unrounded XI total / 110; bench signings earn 0; terminal −2 only with an empty slot (8.0359ms)
✔ K3. with γ = 1 the rewards of a real episode sum exactly to the final XI / 110 (+ terminal) (0.7966ms)
✔ first bid on a lot is the base price (1.3026ms)
✔ increment ladder is chosen by the price before the increment (0.8427ms)
✔ Lua placeBidAtomic uses the same ladder (25.2514ms)
✔ bidBlocker mirrors the server checks and messages (0.3009ms)
✔ bots always keep enough to finish an XI at the cheapest base price (0.1922ms)
✔ an empty squad scores 0 (2.5663ms)
✔ one superstar no longer wins — the old average-rating exploit is gone (0.3284ms)
✔ a complete balanced XI scores its average rating (0.8123ms)
✔ no more than 4 overseas players make the XI (1.0068ms)
✔ overseas cap can leave a bowling slot empty when there is no Indian cover (4.1504ms)
✔ a missing keeper leaves a slot empty rather than being ignored (0.4053ms)
✔ xiGain is zero for a player who would not make the XI (0.4221ms)
✔ the XI optimiser matches brute force on 300 random squads (114.5394ms)
ℹ tests 210
ℹ suites 0
ℹ pass 209
ℹ fail 0
ℹ cancelled 0
ℹ skipped 1
ℹ todo 0
ℹ duration_ms 70172.8088
JSEXIT 0
