STEP 5 frozen hashes (resume after the approved Option A; A and C1 already complete and not rerun)
HASHES OK: obs 629b25783f833af7 · act 5f72f510c48b1f46 · 25 frozen files unchanged (and clean vs git HEAD) · 15 exports + checkpoints unchanged
STEP 9 C4 saturated
C4: 90000 episodes on 14 workers → ml/runs/_2e0/full/C4.jsonl
progress C4 1/90000 (0%) 0.4 eps/s elapsed 2s
progress C4 4500/90000 (5%) 10.8 eps/s elapsed 415s
progress C4 9000/90000 (10%) 10.7 eps/s elapsed 842s
progress C4 13500/90000 (15%) 10.3 eps/s elapsed 1305s
progress C4 18000/90000 (20%) 10.6 eps/s elapsed 1703s
progress C4 22500/90000 (25%) 10.1 eps/s elapsed 2221s
progress C4 27000/90000 (30%) 10.3 eps/s elapsed 2627s
progress C4 31500/90000 (35%) 10.4 eps/s elapsed 3039s
progress C4 36000/90000 (40%) 10.5 eps/s elapsed 3413s
progress C4 40500/90000 (45%) 10.3 eps/s elapsed 3946s
progress C4 45000/90000 (50%) 10.4 eps/s elapsed 4334s
progress C4 49500/90000 (55%) 10.4 eps/s elapsed 4754s
progress C4 54000/90000 (60%) 10.5 eps/s elapsed 5142s
progress C4 58500/90000 (65%) 10.3 eps/s elapsed 5674s
progress C4 63000/90000 (70%) 10.4 eps/s elapsed 6073s
progress C4 67500/90000 (75%) 10.4 eps/s elapsed 6486s
progress C4 72000/90000 (80%) 10.5 eps/s elapsed 6888s
progress C4 76500/90000 (85%) 10.4 eps/s elapsed 7386s
progress C4 81000/90000 (90%) 10.4 eps/s elapsed 7797s
progress C4 85500/90000 (95%) 10.4 eps/s elapsed 8223s
progress C4 90000/90000 (100%) 10.4 eps/s elapsed 8688s
ALLDONE C4 90000 episodes in 8688s (10.4 eps/s)
STEP 10 S4 mixed
S4: 7500 episodes on 14 workers → ml/runs/_2e0/full/S4.jsonl
progress S4 1/7500 (0%) 0.5 eps/s elapsed 2s
progress S4 375/7500 (5%) 9.7 eps/s elapsed 38s
progress S4 750/7500 (10%) 9.8 eps/s elapsed 76s
progress S4 1125/7500 (15%) 10.2 eps/s elapsed 110s
progress S4 1500/7500 (20%) 10.6 eps/s elapsed 142s
progress S4 1875/7500 (25%) 10.6 eps/s elapsed 177s
progress S4 2250/7500 (30%) 10.7 eps/s elapsed 211s
progress S4 2625/7500 (35%) 10.8 eps/s elapsed 244s
progress S4 3000/7500 (40%) 10.8 eps/s elapsed 277s
progress S4 3375/7500 (45%) 10.8 eps/s elapsed 312s
progress S4 3750/7500 (50%) 10.9 eps/s elapsed 346s
progress S4 4125/7500 (55%) 10.9 eps/s elapsed 378s
progress S4 4500/7500 (60%) 11.0 eps/s elapsed 411s
progress S4 4875/7500 (65%) 11.0 eps/s elapsed 445s
progress S4 5250/7500 (70%) 11.0 eps/s elapsed 478s
progress S4 5625/7500 (75%) 11.0 eps/s elapsed 510s
progress S4 6000/7500 (80%) 11.1 eps/s elapsed 543s
progress S4 6375/7500 (85%) 11.0 eps/s elapsed 577s
progress S4 6750/7500 (90%) 11.0 eps/s elapsed 611s
progress S4 7125/7500 (95%) 11.1 eps/s elapsed 644s
progress S4 7500/7500 (100%) 11.0 eps/s elapsed 680s
ALLDONE S4 7500 episodes in 680s (11.0 eps/s)
STEP 11 reproducibility subset (separate processes, other worker counts)
A: 750 episodes on 7 workers → ml/runs/_2e0/repro/A.jsonl
progress A 1/750 (0%) 0.8 eps/s elapsed 1s
progress A 38/750 (5%) 6.8 eps/s elapsed 6s
progress A 75/750 (10%) 7.7 eps/s elapsed 10s
progress A 113/750 (15%) 8.1 eps/s elapsed 14s
progress A 150/750 (20%) 8.2 eps/s elapsed 18s
progress A 188/750 (25%) 8.3 eps/s elapsed 23s
progress A 225/750 (30%) 8.5 eps/s elapsed 26s
progress A 263/750 (35%) 8.6 eps/s elapsed 31s
progress A 300/750 (40%) 8.7 eps/s elapsed 34s
progress A 338/750 (45%) 8.7 eps/s elapsed 39s
progress A 375/750 (50%) 8.7 eps/s elapsed 43s
progress A 413/750 (55%) 8.8 eps/s elapsed 47s
progress A 450/750 (60%) 8.8 eps/s elapsed 51s
progress A 488/750 (65%) 8.8 eps/s elapsed 56s
progress A 525/750 (70%) 8.8 eps/s elapsed 60s
progress A 563/750 (75%) 8.8 eps/s elapsed 64s
progress A 600/750 (80%) 8.8 eps/s elapsed 68s
progress A 638/750 (85%) 8.8 eps/s elapsed 72s
progress A 675/750 (90%) 8.9 eps/s elapsed 76s
progress A 713/750 (95%) 8.9 eps/s elapsed 80s
progress A 750/750 (100%) 8.9 eps/s elapsed 85s
ALLDONE A 750 episodes in 85s (8.9 eps/s)
C1: 5400 episodes on 9 workers → ml/runs/_2e0/repro/C1.jsonl
progress C1 1/5400 (0%) 0.7 eps/s elapsed 2s
progress C1 270/5400 (5%) 9.4 eps/s elapsed 29s
progress C1 540/5400 (10%) 9.5 eps/s elapsed 57s
progress C1 810/5400 (15%) 9.4 eps/s elapsed 86s
progress C1 1080/5400 (20%) 9.5 eps/s elapsed 113s
progress C1 1350/5400 (25%) 9.6 eps/s elapsed 140s
progress C1 1620/5400 (30%) 9.7 eps/s elapsed 167s
progress C1 1890/5400 (35%) 9.8 eps/s elapsed 193s
progress C1 2160/5400 (40%) 9.8 eps/s elapsed 219s
progress C1 2430/5400 (45%) 9.8 eps/s elapsed 247s
progress C1 2700/5400 (50%) 9.9 eps/s elapsed 273s
progress C1 2970/5400 (55%) 9.9 eps/s elapsed 301s
progress C1 3240/5400 (60%) 9.9 eps/s elapsed 327s
progress C1 3510/5400 (65%) 9.9 eps/s elapsed 355s
progress C1 3780/5400 (70%) 9.9 eps/s elapsed 382s
progress C1 4050/5400 (75%) 9.9 eps/s elapsed 409s
progress C1 4320/5400 (80%) 9.9 eps/s elapsed 436s
progress C1 4590/5400 (85%) 9.9 eps/s elapsed 462s
progress C1 4860/5400 (90%) 10.0 eps/s elapsed 488s
progress C1 5130/5400 (95%) 10.0 eps/s elapsed 514s
progress C1 5400/5400 (100%) 9.9 eps/s elapsed 546s
ALLDONE C1 5400 episodes in 546s (9.9 eps/s)
C4: 5400 episodes on 11 workers → ml/runs/_2e0/repro/C4.jsonl
progress C4 1/5400 (0%) 0.6 eps/s elapsed 2s
progress C4 270/5400 (5%) 10.0 eps/s elapsed 27s
progress C4 540/5400 (10%) 9.8 eps/s elapsed 55s
progress C4 810/5400 (15%) 9.7 eps/s elapsed 83s
progress C4 1080/5400 (20%) 10.0 eps/s elapsed 108s
progress C4 1350/5400 (25%) 9.5 eps/s elapsed 142s
progress C4 1620/5400 (30%) 9.7 eps/s elapsed 167s
progress C4 1890/5400 (35%) 9.7 eps/s elapsed 194s
progress C4 2160/5400 (40%) 9.9 eps/s elapsed 219s
progress C4 2430/5400 (45%) 9.6 eps/s elapsed 253s
progress C4 2700/5400 (50%) 9.7 eps/s elapsed 278s
progress C4 2970/5400 (55%) 9.7 eps/s elapsed 305s
progress C4 3240/5400 (60%) 9.8 eps/s elapsed 330s
progress C4 3510/5400 (65%) 9.6 eps/s elapsed 365s
progress C4 3780/5400 (70%) 9.7 eps/s elapsed 390s
progress C4 4050/5400 (75%) 9.7 eps/s elapsed 417s
progress C4 4320/5400 (80%) 9.8 eps/s elapsed 442s
progress C4 4590/5400 (85%) 9.7 eps/s elapsed 474s
progress C4 4860/5400 (90%) 9.8 eps/s elapsed 498s
progress C4 5130/5400 (95%) 9.8 eps/s elapsed 524s
progress C4 5400/5400 (100%) 9.8 eps/s elapsed 552s
ALLDONE C4 5400 episodes in 552s (9.8 eps/s)
S4: 1500 episodes on 5 workers → ml/runs/_2e0/repro/S4.jsonl
progress S4 1/1500 (0%) 0.9 eps/s elapsed 1s
progress S4 75/1500 (5%) 6.5 eps/s elapsed 12s
progress S4 150/1500 (10%) 6.8 eps/s elapsed 22s
progress S4 225/1500 (15%) 7.0 eps/s elapsed 32s
progress S4 300/1500 (20%) 7.2 eps/s elapsed 42s
progress S4 375/1500 (25%) 7.2 eps/s elapsed 52s
progress S4 450/1500 (30%) 7.2 eps/s elapsed 62s
progress S4 525/1500 (35%) 7.3 eps/s elapsed 72s
progress S4 600/1500 (40%) 7.3 eps/s elapsed 82s
progress S4 675/1500 (45%) 7.3 eps/s elapsed 93s
progress S4 750/1500 (50%) 7.3 eps/s elapsed 103s
progress S4 825/1500 (55%) 7.3 eps/s elapsed 113s
progress S4 900/1500 (60%) 7.4 eps/s elapsed 122s
progress S4 975/1500 (65%) 7.4 eps/s elapsed 132s
progress S4 1050/1500 (70%) 7.4 eps/s elapsed 142s
progress S4 1125/1500 (75%) 7.4 eps/s elapsed 152s
progress S4 1200/1500 (80%) 7.4 eps/s elapsed 162s
progress S4 1275/1500 (85%) 7.4 eps/s elapsed 172s
progress S4 1350/1500 (90%) 7.4 eps/s elapsed 182s
progress S4 1425/1500 (95%) 7.4 eps/s elapsed 192s
progress S4 1500/1500 (100%) 7.3 eps/s elapsed 206s
ALLDONE S4 1500 episodes in 206s (7.3 eps/s)
IDENTICAL  750 episodes  ml/runs/_2e0/full/A.jsonl  vs  ml/runs/_2e0/repro/A.jsonl  distinct digests {'learnerActions': 750, 'auction': 748, 'summary': 750} opponent-action digests 0
IDENTICAL  5400 episodes  ml/runs/_2e0/full/C1.jsonl  vs  ml/runs/_2e0/repro/C1.jsonl  distinct digests {'learnerActions': 5390, 'auction': 5396, 'summary': 5396} opponent-action digests 5396
IDENTICAL  5400 episodes  ml/runs/_2e0/full/C4.jsonl  vs  ml/runs/_2e0/repro/C4.jsonl  distinct digests {'learnerActions': 5398, 'auction': 5392, 'summary': 5399} opponent-action digests 21545
IDENTICAL  1500 episodes  ml/runs/_2e0/full/S4.jsonl  vs  ml/runs/_2e0/repro/S4.jsonl  distinct digests {'learnerActions': 1500, 'auction': 1500, 'summary': 1500} opponent-action digests 5995
IDENTICAL  300 episodes  ml/runs/_2e0/full/A.jsonl  vs  ml/runs/_2e0/smoke/A_a.jsonl  distinct digests {'learnerActions': 300, 'auction': 300, 'summary': 300} opponent-action digests 0
IDENTICAL  300 episodes  ml/runs/_2e0/full/C1.jsonl  vs  ml/runs/_2e0/smoke/C1_a.jsonl  distinct digests {'learnerActions': 300, 'auction': 300, 'summary': 300} opponent-action digests 300
IDENTICAL  300 episodes  ml/runs/_2e0/full/C4.jsonl  vs  ml/runs/_2e0/smoke/C4_a.jsonl  distinct digests {'learnerActions': 300, 'auction': 300, 'summary': 300} opponent-action digests 1200
IDENTICAL  100 episodes  ml/runs/_2e0/full/S4.jsonl  vs  ml/runs/_2e0/smoke/S4_a.jsonl  distinct digests {'learnerActions': 100, 'auction': 100, 'summary': 100} opponent-action digests 400
HASHES OK: obs 629b25783f833af7 · act 5f72f510c48b1f46 · 25 frozen files unchanged (and clean vs git HEAD) · 15 exports + checkpoints unchanged
ALLDONE-2E0
